###############################################################################
#
# IAR ELF Linker V7.60.2.11341/W32 for ARM                29/Aug/2017  09:12:48
# Copyright 2007-2016 IAR Systems AB.
#
#    Output file  =  
#        D:\GoogleDriveCLT\GoogleDrive\WeatherCloud\Bootloader\Software\Bootloader-Template\Projects\Bootloader_Template\Bootloader_Src\EWARM\Bootloader_Template\Exe\STM32446E_EVAL.out
#    Map file     =  
#        D:\GoogleDriveCLT\GoogleDrive\WeatherCloud\Bootloader\Software\Bootloader-Template\Projects\Bootloader_Template\Bootloader_Src\EWARM\Bootloader_Template\List\STM32446E_EVAL.map
#    Command line =  
#        D:\GoogleDriveCLT\GoogleDrive\WeatherCloud\Bootloader\Software\Bootloader-Template\Projects\Bootloader_Template\Bootloader_Src\EWARM\Bootloader_Template\Obj\main.o
#        D:\GoogleDriveCLT\GoogleDrive\WeatherCloud\Bootloader\Software\Bootloader-Template\Projects\Bootloader_Template\Bootloader_Src\EWARM\Bootloader_Template\Obj\startup_stm32f446xx.o
#        D:\GoogleDriveCLT\GoogleDrive\WeatherCloud\Bootloader\Software\Bootloader-Template\Projects\Bootloader_Template\Bootloader_Src\EWARM\Bootloader_Template\Obj\stm32446e_eval.o
#        D:\GoogleDriveCLT\GoogleDrive\WeatherCloud\Bootloader\Software\Bootloader-Template\Projects\Bootloader_Template\Bootloader_Src\EWARM\Bootloader_Template\Obj\stm32f4xx_hal.o
#        D:\GoogleDriveCLT\GoogleDrive\WeatherCloud\Bootloader\Software\Bootloader-Template\Projects\Bootloader_Template\Bootloader_Src\EWARM\Bootloader_Template\Obj\stm32f4xx_hal_cortex.o
#        D:\GoogleDriveCLT\GoogleDrive\WeatherCloud\Bootloader\Software\Bootloader-Template\Projects\Bootloader_Template\Bootloader_Src\EWARM\Bootloader_Template\Obj\stm32f4xx_hal_dma.o
#        D:\GoogleDriveCLT\GoogleDrive\WeatherCloud\Bootloader\Software\Bootloader-Template\Projects\Bootloader_Template\Bootloader_Src\EWARM\Bootloader_Template\Obj\stm32f4xx_hal_flash.o
#        D:\GoogleDriveCLT\GoogleDrive\WeatherCloud\Bootloader\Software\Bootloader-Template\Projects\Bootloader_Template\Bootloader_Src\EWARM\Bootloader_Template\Obj\stm32f4xx_hal_flash_ex.o
#        D:\GoogleDriveCLT\GoogleDrive\WeatherCloud\Bootloader\Software\Bootloader-Template\Projects\Bootloader_Template\Bootloader_Src\EWARM\Bootloader_Template\Obj\stm32f4xx_hal_fmpi2c.o
#        D:\GoogleDriveCLT\GoogleDrive\WeatherCloud\Bootloader\Software\Bootloader-Template\Projects\Bootloader_Template\Bootloader_Src\EWARM\Bootloader_Template\Obj\stm32f4xx_hal_gpio.o
#        D:\GoogleDriveCLT\GoogleDrive\WeatherCloud\Bootloader\Software\Bootloader-Template\Projects\Bootloader_Template\Bootloader_Src\EWARM\Bootloader_Template\Obj\stm32f4xx_hal_msp.o
#        D:\GoogleDriveCLT\GoogleDrive\WeatherCloud\Bootloader\Software\Bootloader-Template\Projects\Bootloader_Template\Bootloader_Src\EWARM\Bootloader_Template\Obj\stm32f4xx_hal_qspi.o
#        D:\GoogleDriveCLT\GoogleDrive\WeatherCloud\Bootloader\Software\Bootloader-Template\Projects\Bootloader_Template\Bootloader_Src\EWARM\Bootloader_Template\Obj\stm32f4xx_hal_rcc.o
#        D:\GoogleDriveCLT\GoogleDrive\WeatherCloud\Bootloader\Software\Bootloader-Template\Projects\Bootloader_Template\Bootloader_Src\EWARM\Bootloader_Template\Obj\stm32f4xx_hal_sram.o
#        D:\GoogleDriveCLT\GoogleDrive\WeatherCloud\Bootloader\Software\Bootloader-Template\Projects\Bootloader_Template\Bootloader_Src\EWARM\Bootloader_Template\Obj\stm32f4xx_hal_uart.o
#        D:\GoogleDriveCLT\GoogleDrive\WeatherCloud\Bootloader\Software\Bootloader-Template\Projects\Bootloader_Template\Bootloader_Src\EWARM\Bootloader_Template\Obj\stm32f4xx_ll_fmc.o
#        D:\GoogleDriveCLT\GoogleDrive\WeatherCloud\Bootloader\Software\Bootloader-Template\Projects\Bootloader_Template\Bootloader_Src\EWARM\Bootloader_Template\Obj\system_stm32f4xx.o
#        --redirect _Printf=_PrintfFull --redirect _Scanf=_ScanfFull -o
#        D:\GoogleDriveCLT\GoogleDrive\WeatherCloud\Bootloader\Software\Bootloader-Template\Projects\Bootloader_Template\Bootloader_Src\EWARM\Bootloader_Template\Exe\STM32446E_EVAL.out
#        --map
#        D:\GoogleDriveCLT\GoogleDrive\WeatherCloud\Bootloader\Software\Bootloader-Template\Projects\Bootloader_Template\Bootloader_Src\EWARM\Bootloader_Template\List\STM32446E_EVAL.map
#        --config
#        D:\GoogleDriveCLT\GoogleDrive\WeatherCloud\Bootloader\Software\Bootloader-Template\Projects\Bootloader_Template\Bootloader_Src\EWARM\stm32f446xx_flash.icf
#        --semihosting --entry __iar_program_start --vfe
#
###############################################################################

*******************************************************************************
*** RUNTIME MODEL ATTRIBUTES
***

CppFlavor       = *
__SystemLibrary = DLib


*******************************************************************************
*** PLACEMENT SUMMARY
***

"A1":  place at 0x20003000 { ro section .intvec };
"P1":  place in [from 0x20003000 to 0x20006fff] { ro };
"P2":  place in [from 0x20007000 to 0x2000afff] { rw, block CSTACK, block HEAP };
initialize by copy { rw };

  Section            Kind        Address    Size  Object
  -------            ----        -------    ----  ------
"A1":                                      0x1c4
  .intvec            ro code  0x20003000   0x1c4  startup_stm32f446xx.o [1]
                            - 0x200031c4   0x1c4

"P1":                                     0x1fff
  .text              ro code  0x200031c4   0x7ac  main.o [1]
  .text              ro code  0x20003970    0x7c  stm32f4xx_hal.o [1]
  .text              ro code  0x200039ec    0xa0  stm32446e_eval.o [1]
  .text              ro code  0x20003a8c   0x438  stm32f4xx_hal_rcc.o [1]
  .text              ro code  0x20003ec4    0xd8  stm32f4xx_hal_cortex.o [1]
  .text              ro code  0x20003f9c   0x3b2  stm32f4xx_hal_uart.o [1]
  .text              ro code  0x20004350   0x5c0  stm32f4xx_hal_qspi.o [1]
  .text              ro code  0x20004910    0x38  stm32f4xx_hal_flash_ex.o [1]
  .text              ro code  0x20004948   0x2c4  stm32f4xx_hal_gpio.o [1]
  .text              ro code  0x20004c0c   0x1de  stm32f4xx_hal_msp.o [1]
  .text              ro code  0x20004dec    0xa2  stm32f4xx_hal_dma.o [1]
  .text              ro code  0x20004e90    0x50  system_stm32f4xx.o [1]
  .text              ro code  0x20004ee0    0x40  zero_init3.o [5]
  .text              ro code  0x20004f20    0x38  packbits_init_single.o [5]
  .text              ro code  0x20004f58    0x28  data_init.o [5]
  .text              ro code  0x20004f80    0x22  fpinit_M.o [4]
  .iar.init_table    const    0x20004fa4    0x20  - Linker created -
  .text              ro code  0x20004fc4    0x1a  cmain.o [5]
  .text              ro code  0x20004fde     0x4  low_level_init.o [3]
  .text              ro code  0x20004fe2     0x4  exit.o [3]
  .text              ro code  0x20004fe8     0xa  cexit.o [5]
  .text              ro code  0x20004ff4    0x14  exit.o [6]
  .text              ro code  0x20005008    0x10  startup_stm32f446xx.o [1]
  .text              ro code  0x20005018     0xc  cstartup_M.o [5]
  .text              ro code  0x20005024     0x4  startup_stm32f446xx.o [1]
  .text              ro code  0x20005028     0x4  startup_stm32f446xx.o [1]
  .text              ro code  0x2000502c     0x4  startup_stm32f446xx.o [1]
  .text              ro code  0x20005030     0x4  startup_stm32f446xx.o [1]
  .text              ro code  0x20005034     0x4  startup_stm32f446xx.o [1]
  .text              ro code  0x20005038     0x4  startup_stm32f446xx.o [1]
  .text              ro code  0x2000503c     0x4  startup_stm32f446xx.o [1]
  .text              ro code  0x20005040     0x4  startup_stm32f446xx.o [1]
  .text              ro code  0x20005044     0x4  startup_stm32f446xx.o [1]
  .text              ro code  0x20005048     0x4  startup_stm32f446xx.o [1]
  .text              ro code  0x2000504c     0x4  startup_stm32f446xx.o [1]
  .text              ro code  0x20005050     0x4  startup_stm32f446xx.o [1]
  .text              ro code  0x20005054     0x4  startup_stm32f446xx.o [1]
  .text              ro code  0x20005058     0x4  startup_stm32f446xx.o [1]
  .text              ro code  0x2000505c     0x4  startup_stm32f446xx.o [1]
  .text              ro code  0x20005060     0x4  startup_stm32f446xx.o [1]
  .text              ro code  0x20005064     0x4  startup_stm32f446xx.o [1]
  .text              ro code  0x20005068     0x4  startup_stm32f446xx.o [1]
  .text              ro code  0x2000506c     0x4  startup_stm32f446xx.o [1]
  .text              ro code  0x20005070     0x4  startup_stm32f446xx.o [1]
  .text              ro code  0x20005074     0x4  startup_stm32f446xx.o [1]
  .text              ro code  0x20005078     0x4  startup_stm32f446xx.o [1]
  .text              ro code  0x2000507c     0x4  startup_stm32f446xx.o [1]
  .text              ro code  0x20005080     0x4  startup_stm32f446xx.o [1]
  .text              ro code  0x20005084     0x4  startup_stm32f446xx.o [1]
  .text              ro code  0x20005088     0x4  startup_stm32f446xx.o [1]
  .text              ro code  0x2000508c     0x4  startup_stm32f446xx.o [1]
  .text              ro code  0x20005090     0x4  startup_stm32f446xx.o [1]
  .text              ro code  0x20005094     0x4  startup_stm32f446xx.o [1]
  .text              ro code  0x20005098     0x4  startup_stm32f446xx.o [1]
  .text              ro code  0x2000509c     0x4  startup_stm32f446xx.o [1]
  .text              ro code  0x200050a0     0x4  startup_stm32f446xx.o [1]
  .text              ro code  0x200050a4     0x4  startup_stm32f446xx.o [1]
  .text              ro code  0x200050a8     0x4  startup_stm32f446xx.o [1]
  .text              ro code  0x200050ac     0x4  startup_stm32f446xx.o [1]
  .text              ro code  0x200050b0     0x4  startup_stm32f446xx.o [1]
  .text              ro code  0x200050b4     0x4  startup_stm32f446xx.o [1]
  .text              ro code  0x200050b8     0x4  startup_stm32f446xx.o [1]
  .text              ro code  0x200050bc     0x4  startup_stm32f446xx.o [1]
  .text              ro code  0x200050c0     0x4  startup_stm32f446xx.o [1]
  .text              ro code  0x200050c4     0x4  startup_stm32f446xx.o [1]
  .text              ro code  0x200050c8     0x4  startup_stm32f446xx.o [1]
  .text              ro code  0x200050cc     0x4  startup_stm32f446xx.o [1]
  .text              ro code  0x200050d0     0x4  startup_stm32f446xx.o [1]
  .text              ro code  0x200050d4     0x4  startup_stm32f446xx.o [1]
  .text              ro code  0x200050d8     0x4  startup_stm32f446xx.o [1]
  .text              ro code  0x200050dc     0x4  startup_stm32f446xx.o [1]
  .text              ro code  0x200050e0     0x4  startup_stm32f446xx.o [1]
  .text              ro code  0x200050e4     0x4  startup_stm32f446xx.o [1]
  .text              ro code  0x200050e8     0x4  startup_stm32f446xx.o [1]
  .text              ro code  0x200050ec     0x4  startup_stm32f446xx.o [1]
  .text              ro code  0x200050f0     0x4  startup_stm32f446xx.o [1]
  .text              ro code  0x200050f4     0x4  startup_stm32f446xx.o [1]
  .text              ro code  0x200050f8     0x4  startup_stm32f446xx.o [1]
  .text              ro code  0x200050fc     0x4  startup_stm32f446xx.o [1]
  .text              ro code  0x20005100     0x4  startup_stm32f446xx.o [1]
  .text              ro code  0x20005104     0x4  startup_stm32f446xx.o [1]
  .text              ro code  0x20005108     0x4  startup_stm32f446xx.o [1]
  .text              ro code  0x2000510c     0x4  startup_stm32f446xx.o [1]
  .text              ro code  0x20005110     0x4  startup_stm32f446xx.o [1]
  .text              ro code  0x20005114     0x4  startup_stm32f446xx.o [1]
  .text              ro code  0x20005118     0x4  startup_stm32f446xx.o [1]
  .text              ro code  0x2000511c     0x4  startup_stm32f446xx.o [1]
  .text              ro code  0x20005120     0x4  startup_stm32f446xx.o [1]
  .text              ro code  0x20005124     0x4  startup_stm32f446xx.o [1]
  .text              ro code  0x20005128     0x4  startup_stm32f446xx.o [1]
  .text              ro code  0x2000512c     0x4  startup_stm32f446xx.o [1]
  .text              ro code  0x20005130     0x4  startup_stm32f446xx.o [1]
  .text              ro code  0x20005134     0x4  startup_stm32f446xx.o [1]
  .text              ro code  0x20005138     0x4  startup_stm32f446xx.o [1]
  .text              ro code  0x2000513c     0x4  startup_stm32f446xx.o [1]
  .text              ro code  0x20005140     0x4  startup_stm32f446xx.o [1]
  .text              ro code  0x20005144     0x4  startup_stm32f446xx.o [1]
  .text              ro code  0x20005148     0x4  startup_stm32f446xx.o [1]
  .text              ro code  0x2000514c     0x4  startup_stm32f446xx.o [1]
  .text              ro code  0x20005150     0x4  startup_stm32f446xx.o [1]
  .text              ro code  0x20005154     0x4  startup_stm32f446xx.o [1]
  .text              ro code  0x20005158     0x4  startup_stm32f446xx.o [1]
  .text              ro code  0x2000515c     0x4  startup_stm32f446xx.o [1]
  .text              ro code  0x20005160     0x4  startup_stm32f446xx.o [1]
  .text              ro code  0x20005164     0x4  startup_stm32f446xx.o [1]
  .text              ro code  0x20005168     0x4  startup_stm32f446xx.o [1]
  .text              ro code  0x2000516c     0x4  startup_stm32f446xx.o [1]
  .text              ro code  0x20005170     0x4  startup_stm32f446xx.o [1]
  .text              ro code  0x20005174     0x4  startup_stm32f446xx.o [1]
  .text              ro code  0x20005178     0x4  startup_stm32f446xx.o [1]
  .text              ro code  0x2000517c     0x4  startup_stm32f446xx.o [1]
  .text              ro code  0x20005180     0x4  startup_stm32f446xx.o [1]
  .text              ro code  0x20005184     0x4  startup_stm32f446xx.o [1]
  .text              ro code  0x20005188     0x4  startup_stm32f446xx.o [1]
  .text              ro code  0x2000518c     0x4  startup_stm32f446xx.o [1]
  .text              ro code  0x20005190     0x4  startup_stm32f446xx.o [1]
  .text              ro code  0x20005194     0x4  startup_stm32f446xx.o [1]
  .text              ro code  0x20005198     0x4  startup_stm32f446xx.o [1]
  .text              ro code  0x2000519c     0x4  startup_stm32f446xx.o [1]
  .rodata            const    0x200051a0     0x0  zero_init3.o [5]
  .rodata            const    0x200051a0     0x0  packbits_init_single.o [5]
  Initializer bytes  const    0x200051a0    0x23  <for P2-1>
                            - 0x200051c3  0x1fff

"P2", part 1 of 3:                         0x644
  P2-1                        0x20007000   0x644  <Init block>
    .data            inited   0x20007000   0x640  main.o [1]
    .data            inited   0x20007640     0x4  system_stm32f4xx.o [1]
                            - 0x20007644   0x644

"P2", part 2 of 3:                         0x400
  CSTACK                      0x20007648   0x400  <Block>
    CSTACK           uninit   0x20007648   0x400  <Block tail>
                            - 0x20007a48   0x400

"P2", part 3 of 3:                          0xc0
  .bss               zero     0x20007a48    0x44  main.o [1]
  .bss               zero     0x20007a8c    0x40  main.o [1]
  .bss               zero     0x20007acc    0x38  main.o [1]
  .bss               zero     0x20007b04     0x4  stm32f4xx_hal.o [1]
                            - 0x20007b08    0xc0


*******************************************************************************
*** INIT TABLE
***

          Address     Size
          -------     ----
Zero (__iar_zero_init3)
    1 destination range, total size 0xc0:
          0x20007a48   0xc0

Copy/packbits (__iar_packbits_init_single3)
    1 source range, total size 0x23 (2% of destination):
          0x200051a0   0x23
    1 destination range, total size 0x644:
          0x20007000  0x644



*******************************************************************************
*** MODULE SUMMARY
***

    Module                    ro code  ro data  rw data
    ------                    -------  -------  -------
D:\GoogleDriveCLT\GoogleDrive\WeatherCloud\Bootloader\Software\Bootloader-Template\Projects\Bootloader_Template\Bootloader_Src\EWARM\Bootloader_Template\Obj: [1]
    main.o                      1 964       34    1 788
    startup_stm32f446xx.o         848
    stm32446e_eval.o              160
    stm32f4xx_hal.o               124                 4
    stm32f4xx_hal_cortex.o        216
    stm32f4xx_hal_dma.o           162
    stm32f4xx_hal_flash_ex.o       56
    stm32f4xx_hal_gpio.o          708
    stm32f4xx_hal_msp.o           478
    stm32f4xx_hal_qspi.o        1 472
    stm32f4xx_hal_rcc.o         1 080
    stm32f4xx_hal_uart.o          946
    system_stm32f4xx.o             80        1        4
    ---------------------------------------------------
    Total:                      8 294       35    1 796

command line: [2]
    ---------------------------------------------------
    Total:

dl7M_tlf.a: [3]
    exit.o                          4
    low_level_init.o                4
    ---------------------------------------------------
    Total:                          8

m7M_tls.a: [4]
    fpinit_M.o                     34
    ---------------------------------------------------
    Total:                         34

rt7M_tl.a: [5]
    cexit.o                        10
    cmain.o                        26
    cstartup_M.o                   12
    data_init.o                    40
    packbits_init_single.o         56
    zero_init3.o                   64
    ---------------------------------------------------
    Total:                        208

shb_l.a: [6]
    exit.o                         20
    ---------------------------------------------------
    Total:                         20

    Gaps                           10        2
    Linker created                          32    1 024
-------------------------------------------------------
    Grand Total:                8 574       69    2 820


*******************************************************************************
*** ENTRY LIST
***

Entry                      Address   Size  Type      Object
-----                      -------   ----  ----      ------
.iar.init_table$$Base   0x20004fa4          --   Gb  - Linker created -
.iar.init_table$$Limit  0x20004fc4          --   Gb  - Linker created -
?main                   0x20004fc5         Code  Gb  cmain.o [5]
APBAHBPrescTable        0x20003eb4   0x10  Data  Gb  stm32f4xx_hal_rcc.o [1]
BSP_LED_Init            0x200039ed   0x54  Code  Gb  stm32446e_eval.o [1]
BSP_LED_On              0x20003a41   0x1a  Code  Gb  stm32446e_eval.o [1]
BSP_LED_Toggle          0x20003a61   0x1c  Code  Gb  stm32446e_eval.o [1]
CSTACK$$Base            0x20007648          --   Gb  - Linker created -
CSTACK$$Limit           0x20007a48          --   Gb  - Linker created -
GPIO_PIN                0x20003a84    0x8  Data  Gb  stm32446e_eval.o [1]
Get_Byte                0x200032a9   0x28  Code  Gb  main.o [1]
HAL_DMA_Abort           0x20004ded   0x72  Code  Gb  stm32f4xx_hal_dma.o [1]
HAL_FLASHEx_OBGetConfig
                        0x20004911   0x32  Code  Gb  stm32f4xx_hal_flash_ex.o [1]
HAL_GPIO_DeInit         0x20004ae3   0xf2  Code  Gb  stm32f4xx_hal_gpio.o [1]
HAL_GPIO_Init           0x20004949  0x19a  Code  Gb  stm32f4xx_hal_gpio.o [1]
HAL_GPIO_TogglePin      0x20004bdd    0x8  Code  Gb  stm32f4xx_hal_gpio.o [1]
HAL_GPIO_WritePin       0x20004bd5    0x8  Code  Gb  stm32f4xx_hal_gpio.o [1]
HAL_GetTick             0x200039c7    0x6  Code  Wk  stm32f4xx_hal.o [1]
HAL_Init                0x20003971   0x30  Code  Gb  stm32f4xx_hal.o [1]
HAL_InitTick            0x200039a3   0x24  Code  Wk  stm32f4xx_hal.o [1]
HAL_MspInit             0x200039a1    0x2  Code  Wk  stm32f4xx_hal.o [1]
HAL_NVIC_DisableIRQ     0x20003f33    0xa  Code  Gb  stm32f4xx_hal_cortex.o [1]
HAL_NVIC_SetPriority    0x20003ef9   0x3a  Code  Gb  stm32f4xx_hal_cortex.o [1]
HAL_NVIC_SetPriorityGrouping
                        0x20003edf   0x1a  Code  Gb  stm32f4xx_hal_cortex.o [1]
HAL_QSPI_Abort          0x20004733   0x6a  Code  Gb  stm32f4xx_hal_qspi.o [1]
HAL_QSPI_AutoPolling    0x200045f5   0x9a  Code  Gb  stm32f4xx_hal_qspi.o [1]
HAL_QSPI_Command        0x2000442f   0x6a  Code  Gb  stm32f4xx_hal_qspi.o [1]
HAL_QSPI_DeInit         0x200043fd   0x32  Code  Gb  stm32f4xx_hal_qspi.o [1]
HAL_QSPI_Init           0x20004351   0xac  Code  Gb  stm32f4xx_hal_qspi.o [1]
HAL_QSPI_MemoryMapped   0x200046a9   0x8a  Code  Gb  stm32f4xx_hal_qspi.o [1]
HAL_QSPI_MspDeInit      0x20004d7b   0x52  Code  Gb  stm32f4xx_hal_msp.o [1]
HAL_QSPI_MspInit        0x20004c6b   0xbe  Code  Gb  stm32f4xx_hal_msp.o [1]
HAL_QSPI_Receive        0x20004537   0x9e  Code  Gb  stm32f4xx_hal_qspi.o [1]
HAL_QSPI_Transmit       0x200044a3   0x94  Code  Gb  stm32f4xx_hal_qspi.o [1]
HAL_RCC_ClockConfig     0x20003cd9  0x12e  Code  Gb  stm32f4xx_hal_rcc.o [1]
HAL_RCC_GetHCLKFreq     0x20003e5b    0x6  Code  Gb  stm32f4xx_hal_rcc.o [1]
HAL_RCC_GetPCLK1Freq    0x20003e61   0x12  Code  Gb  stm32f4xx_hal_rcc.o [1]
HAL_RCC_GetPCLK2Freq    0x20003e73   0x10  Code  Gb  stm32f4xx_hal_rcc.o [1]
HAL_RCC_GetSysClockFreq
                        0x20003e15   0x46  Code  Wk  stm32f4xx_hal_rcc.o [1]
HAL_RCC_OscConfig       0x20003a8d  0x244  Code  Wk  stm32f4xx_hal_rcc.o [1]
HAL_SYSTICK_CLKSourceConfig
                        0x20003f6d   0x16  Code  Gb  stm32f4xx_hal_cortex.o [1]
HAL_SYSTICK_Config      0x20003f45   0x28  Code  Gb  stm32f4xx_hal_cortex.o [1]
HAL_SuspendTick         0x200039cd    0x4  Code  Wk  stm32f4xx_hal.o [1]
HAL_UART_GetState       0x20004169    0xa  Code  Gb  stm32f4xx_hal_uart.o [1]
HAL_UART_Init           0x20003f9d   0x2e  Code  Gb  stm32f4xx_hal_uart.o [1]
HAL_UART_MspInit        0x20004c0d   0x46  Code  Gb  stm32f4xx_hal_msp.o [1]
HAL_UART_Receive        0x200040ad   0xa6  Code  Gb  stm32f4xx_hal_uart.o [1]
HAL_UART_Transmit       0x2000400d   0xa0  Code  Gb  stm32f4xx_hal_uart.o [1]
JumpAddress             0x2000763c    0x4  Data  Gb  main.o [1]
JumpToApplication       0x20007634    0x4  Data  Gb  main.o [1]
NVIC_SetPriority        0x20003ec5   0x1a  Code  Lc  stm32f4xx_hal_cortex.o [1]
OBInit                  0x20007610   0x1c  Data  Gb  main.o [1]
QSPIHandle              0x20007a48   0x44  Data  Gb  main.o [1]
QSPI_AutoPollingMemReady
                        0x200038e9   0x50  Code  Lc  main.o [1]
QSPI_Config             0x200047f7   0xf2  Code  Lc  stm32f4xx_hal_qspi.o [1]
QSPI_WaitFlagStateUntilTimeout
                        0x200047b1   0x46  Code  Lc  stm32f4xx_hal_qspi.o [1]
QSPI_WriteEnable        0x2000387f   0x6a  Code  Lc  main.o [1]
QuadSPI_Init            0x20003833   0x4c  Code  Gb  main.o [1]
Region$$Table$$Base     0x20004fa4          --   Gb  - Linker created -
Region$$Table$$Limit    0x20004fc4          --   Gb  - Linker created -
SectorsWRPStatus        0x20007638    0x4  Data  Gb  main.o [1]
Select_Command          0x2000331f  0x498  Code  Gb  main.o [1]
Select_Command::a_address_buffer
                        0x20007000    0x8  Data  Lc  main.o [1]
Select_Command::a_erase_buffer
                        0x20007008  0x404  Data  Lc  main.o [1]
Select_Command::a_read_buffer
                        0x2000740c  0x100  Data  Lc  main.o [1]
Select_Command::a_write_buffer
                        0x2000750c  0x104  Data  Lc  main.o [1]
Send_Byte               0x200032d1   0x28  Code  Gb  main.o [1]
SystemClock_Config      0x200031f3   0xb6  Code  Lc  main.o [1]
SystemCoreClock         0x20007640    0x4  Data  Gb  system_stm32f4xx.o [1]
SystemInit              0x20004e91   0x38  Code  Gb  system_stm32f4xx.o [1]
UART_Config             0x200037f5   0x38  Code  Gb  main.o [1]
UART_SetConfig          0x200041d1  0x13a  Code  Lc  stm32f4xx_hal_uart.o [1]
UART_WaitOnFlagUntilTimeout
                        0x20004173   0x5e  Code  Lc  stm32f4xx_hal_uart.o [1]
UartHandle              0x20007a8c   0x40  Data  Gb  main.o [1]
Verify_Checksum         0x20003305   0x1a  Code  Gb  main.o [1]
__cmain                 0x20004fc5         Code  Gb  cmain.o [5]
__exit                  0x20004ff5   0x14  Code  Gb  exit.o [6]
__iar_data_init3        0x20004f59   0x28  Code  Gb  data_init.o [5]
__iar_init_vfp          0x20004f81         Code  Gb  fpinit_M.o [4]
__iar_packbits_init_single3
                        0x20004f21   0x38  Code  Gb  packbits_init_single.o [5]
__iar_program_start     0x20005019         Code  Gb  cstartup_M.o [5]
__iar_zero_init3        0x20004ee1   0x40  Code  Gb  zero_init3.o [5]
__low_level_init        0x20004fdf    0x4  Code  Gb  low_level_init.o [3]
__vector_table          0x20003000         Data  Gb  startup_stm32f446xx.o [1]
_call_main              0x20004fd1         Code  Gb  cmain.o [5]
_exit                   0x20004fe9         Code  Gb  cexit.o [5]
_main                   0x20004fdb         Code  Gb  cmain.o [5]
exit                    0x20004fe3    0x4  Code  Gb  exit.o [3]
main                    0x200031c5   0x2e  Code  Gb  main.o [1]
sCommand                0x20007acc   0x38  Data  Gb  main.o [1]
sMemMappedCfg           0x2000762c    0x8  Data  Gb  main.o [1]
uwTick                  0x20007b04    0x4  Data  Gb  stm32f4xx_hal.o [1]


[1] = D:\GoogleDriveCLT\GoogleDrive\WeatherCloud\Bootloader\Software\Bootloader-Template\Projects\Bootloader_Template\Bootloader_Src\EWARM\Bootloader_Template\Obj
[2] = command line
[3] = dl7M_tlf.a
[4] = m7M_tls.a
[5] = rt7M_tl.a
[6] = shb_l.a

  8 574 bytes of readonly  code memory
     69 bytes of readonly  data memory
  2 820 bytes of readwrite data memory

Errors: none
Warnings: none
